[www.cjsnyc.com/index.html]
[backblue.gif]
[fade.gif]
[index.html]
[assets.website-files.com/5d19630a2daf2f6e1236bfd5/css/cjs-builders.ec65c3877.css]
[ajax.googleapis.com/ajax/libs/webfont/1.6.26/webfont.js]
[assets.website-files.com/5d19630a2daf2f6e1236bfd5/5d1963828eb894eb432f980c_favicon.jpg]
[assets.website-files.com/5d19630a2daf2f6e1236bfd5/5d1963c2f3be3c21e78e70a6_webclip.jpg]
[assets.website-files.com/5d19630a2daf2f6e1236bfd5/5d45ac870ae4a116abdf8605_icon-b-s.png]
[assets.website-files.com/5d19630a2daf2f6e1236bfd5/5dc5aae8117da0076a62de92_text-w-thick.png]
[www.cjsnyc.com/about.html]
[www.cjsnyc.com/service-category/pre-construction.html]
[www.cjsnyc.com/service-category/general-contracting.html]
[www.cjsnyc.com/service-category/new-developments.html]
[www.cjsnyc.com/projects.html]
[www.cjsnyc.com/news.html]
[www.cjsnyc.com/contact.html]
[assets.website-files.com/5be48c648fdaf2d11910aa7c/5be58601e6875c350830fc33_search-icon.png]
[assets.website-files.com/5be48c648fdaf2d11910aa7c/5be58601e6875c110330fc35_close.png]
[assets.website-files.com/5d19630a2daf2f6e1236bfd5/5d86cb3608e53e7806ea27b5_cjs-tl.png]
[assets.website-files.com/5d19630a2daf2f3ff836bffe/5d45a76635023473703ad663_pre-construction-2.png]
[assets.website-files.com/5d19630a2daf2f3ff836bffe/5d3d05064401a5d5b2e9088c_construction-managment.png]
[assets.website-files.com/5d19630a2daf2f3ff836bffe/5d3d04ff850abceb79c15365_general-contracting.png]
[assets.website-files.com/5d19630a2daf2f3ff836bffe/5d3d04f9b1eba40d991b0d58_design-build.png]
[assets.website-files.com/5d19630a2daf2f3ff836bffe/5d3d04e13dfa6625563fcc58_new-dev.png]
[www.cjsnyc.com/projects/sfx.html]
[assets.website-files.com/5d19630a2daf2f6e1236bfd5/5d30f5c7e9af513da2fddacb_arrow-r.png]
[assets.website-files.com/5d19630a2daf2f3ff836bffe/5d4766203a861d47ad8b2224_SFX_0013.jpg]
[assets.website-files.com/5d19630a2daf2f3ff836bffe/5d4766093a861d42e68b2217_SFX_0012.jpg]
[assets.website-files.com/5d19630a2daf2f3ff836bffe/5d47662ea904cdb78e038902_SFX_0014.jpg]
[assets.website-files.com/5d19630a2daf2f3ff836bffe/5d476626baced72efed3917d_SFX_0004.jpg]
[assets.website-files.com/5d19630a2daf2f3ff836bffe/5d476639a904cd6ae3038913_SFX_0006.jpg]
[assets.website-files.com/5d19630a2daf2f3ff836bffe/5d476632f0c5a70a935b358c_SFX0005.jpg]
[assets.website-files.com/5d19630a2daf2f6e1236bfd5/5d30f2cd8688e385e1b94715_bg-icon-l.png]
[assets.website-files.com/5d19630a2daf2f3ff836bffe/5d476125f0c5a76ce65b2bf1_michael-kors.png]
[assets.website-files.com/5d19630a2daf2f3ff836bffe/5da05c97675e836c3eab29e6_LB-Architects.png]
[assets.website-files.com/5d19630a2daf2f3ff836bffe/5d475456a904cd563a035543_buzzfeed.png]
[assets.website-files.com/5d19630a2daf2f3ff836bffe/5da0595e9511355d503a686e_cushman-wakefield.png]
[assets.website-files.com/5d19630a2daf2f3ff836bffe/5da0597b754316b091475d9f_lee-associates.png]
[assets.website-files.com/5d19630a2daf2f3ff836bffe/5d7af988be90a9850f39db70_corcoran.png]
[assets.website-files.com/5d19630a2daf2f3ff836bffe/5d7af655be90a9308139cb02_tishman-speyer.png]
[assets.website-files.com/5d19630a2daf2f3ff836bffe/5d95fc932272024d0c9420ae_milliman.png]
[assets.website-files.com/5d19630a2daf2f3ff836bffe/5d7afa634e852e49c7fb5514_ackerman.png]
[assets.website-files.com/5d19630a2daf2f3ff836bffe/5d7afa584e852e7ea2fb550d_hbk.png]
[assets.website-files.com/5d19630a2daf2f3ff836bffe/5d7afa47be90a95e6639dcbb_bloomberg.png]
[assets.website-files.com/5d19630a2daf2f3ff836bffe/5d7afa384e852ea7f0fb54c1_hunter.png]
[assets.website-files.com/5d19630a2daf2f3ff836bffe/5d7afa2cc75463346d7123dc_salvatore-ferragamo.png]
[assets.website-files.com/5d19630a2daf2f3ff836bffe/5d7afa0fa99e665b0cd9c52d_function-x.png]
[assets.website-files.com/5d19630a2daf2f3ff836bffe/5d7afa02be90a9769339dbdc_hart-shaffner-marx.png]
[assets.website-files.com/5d19630a2daf2f3ff836bffe/5d7af9f5be90a951a139dbd5_nautica.png]
[assets.website-files.com/5d19630a2daf2f3ff836bffe/5d7af9eac754639ce071236f_united-ent.png]
[assets.website-files.com/5d19630a2daf2f3ff836bffe/5d7af9d8be90a9e45139dbbc_brookfield.png]
[assets.website-files.com/5d19630a2daf2f3ff836bffe/5d7af67cbe90a972e639cb9d_stubhub.png]
[assets.website-files.com/5d19630a2daf2f3ff836bffe/5d4765f72371d98d08933b8f_SFX.png]
[assets.website-files.com/5d19630a2daf2f6e1236bfd5/5dc5ab66f032ac21578577d2_logo-w-thick.png]
[d3e54v103j8qbb.cloudfront.net/js/jquery-3.5.1.min.dc5e7f18c80a8a.js]
[assets.website-files.com/5d19630a2daf2f6e1236bfd5/js/cjs-builders.3f39692fc.js]
[code.jquery.com/jquery-2.2.0.min.js]
[www.cjsnyc.com/index.html]
[cdn.jsdelivr.net/particles.js/2.0.0/particles.min.js]
[assets.website-files.com/5d19630a2daf2f6e1236bfd5/5d5c61a86b931859beee1129_b-line.png]
[assets.website-files.com/5d19630a2daf2f6e1236bfd5/5d19630a2daf2f6b7736c08f_stripe-tile.png]
[assets.website-files.com/5d19630a2daf2f6e1236bfd5/5d19630a2daf2f18e836c0da_b-texture.png]
[assets.website-files.com/5d19630a2daf2f6e1236bfd5/5d19630a2daf2f7d1b36c0a3_lowlevelaccess-img.png]
[assets.website-files.com/5d19630a2daf2f6e1236bfd5/5d19630a2daf2f5ec736c0ae_yellow-shapes-cluster.png]
[assets.website-files.com/5d19630a2daf2f6e1236bfd5/5d4726a62371d913e6926680_f-btn-line.png]
[assets.website-files.com/5d19630a2daf2f6e1236bfd5/5d19630a2daf2f011836c0df_line.png]
[assets.website-files.com/5d19630a2daf2f6e1236bfd5/5d19630a2daf2f46e936c0d0_Hyde-park-mansions.jpg]
[assets.website-files.com/5d19630a2daf2f6e1236bfd5/5d19630a2daf2f7bd536c112_ben frearson testimonial image.jpg]
[assets.website-files.com/5d19630a2daf2f6e1236bfd5/5d19630a2daf2fd79636c0ce_Ealing-town-hall.jpg]
[assets.website-files.com/5d19630a2daf2f6e1236bfd5/5d19630a2daf2f6a8736c113_Chris Bowels Testimonials image.jpg]
[assets.website-files.com/5d19630a2daf2f6e1236bfd5/5d5c5e5e6b93182b82edfec8_logo-w.png]
[assets.website-files.com/5d19630a2daf2f6e1236bfd5/5d1965566ad3cb6f9325c2de_bg-logo.jpg]
[assets.website-files.com/5d19630a2daf2f6e1236bfd5/5d19659ef6e4ceaa70347791_ExtendLibrary_Add-On_GoogleDrive_v2.png]
[assets.website-files.com/5d19630a2daf2f6e1236bfd5/5d19659ef6e4ce7c05347760_trello-logo-white.png]
[assets.website-files.com/5d19630a2daf2f6e1236bfd5/5d19659ef6e4ce2d9134775d_webflow-logo-w.png]
[assets.website-files.com/5d19630a2daf2f6e1236bfd5/5d1965318eb8946fe92f9d85_x-top.png]
[assets.website-files.com/5d19630a2daf2f6e1236bfd5/5d1965966ad3cb4f5525c42c_c-top.png]
[assets.website-files.com/5d19630a2daf2f6e1236bfd5/5d1965966ad3cbec4625c440_s-top.png]
[assets.website-files.com/5d19630a2daf2f6e1236bfd5/5d1965318eb894eadd2f9d83_p-top.png]
[assets.website-files.com/5d19630a2daf2f6e1236bfd5/5d3d07afcb7dfd511af2754a_facebook.png]
[assets.website-files.com/5d19630a2daf2f6e1236bfd5/5d3d07b7cb7dfd0102f27551_twitter.png]
[assets.website-files.com/5d19630a2daf2f6e1236bfd5/5d547765aa636135860b0f77_Linkedin.png]
[assets.website-files.com/5d19630a2daf2f6e1236bfd5/5d3d07be850abc2e25c16331_instagram.png]
[assets.website-files.com/5d19630a2daf2f6e1236bfd5/5d86342c08e53e5acae45efa_facebook-y.png]
[assets.website-files.com/5d19630a2daf2f6e1236bfd5/5d8634368de89ce70791b30b_instagram-y.png]
[assets.website-files.com/5d19630a2daf2f6e1236bfd5/5d3d07c83dfa66a5113fd048_youtube.png]
[assets.website-files.com/5d19630a2daf2f6e1236bfd5/5d8634564a6557c0164f0a70_Linkedin-y.png]
[assets.website-files.com/5d19630a2daf2f6e1236bfd5/5d3d08a93dfa66e1533fd70e_arrow-d.png]
[assets.website-files.com/5d19630a2daf2f6e1236bfd5/5d45ac66ac9ddeedd8e8d823_icon-w-s.png]
[assets.website-files.com/5d19630a2daf2f6e1236bfd5/5d38b76fbb3963816a6a489a_Peter-Haugan.jpg]
[assets.website-files.com/5d19630a2daf2f6e1236bfd5/5d3d14093dfa6607bf3ff44b_arrow-l.png]
[assets.website-files.com/5d19630a2daf2f6e1236bfd5/5d2e1c692be6ba3cb2e502be_cjs1.jpg]
[assets.website-files.com/5d19630a2daf2f6e1236bfd5/5d45c8b852d293f888bf89db_t-cover.png]
[assets.website-files.com/5d19630a2daf2f6e1236bfd5/5d45c96928d7ff9f42cb53d4_t-cover-b.png]
[assets.website-files.com/5d19630a2daf2f6e1236bfd5/5d4728bebaced79cc0d27d9f_y-tick.png]
[assets.website-files.com/5d19630a2daf2f6e1236bfd5/5d47280f2371d9aafb92691e_empty-check.png]
[assets.website-files.com/5d19630a2daf2f6e1236bfd5/5d4ebd2948a5b39c61231c52_new-york-skyline.jpg]
[assets.website-files.com/5d19630a2daf2f6e1236bfd5/5d5c21ceeaf3b74231e9f6c6_management.jpg]
[assets.website-files.com/5d19630a2daf2f6e1236bfd5/5d5b05d043b14cc2a3cd8a2a_cs-pp.jpg]
[assets.website-files.com/5d19630a2daf2f6e1236bfd5/5d977bd739a8bbdaaa2338d5_CJS-Corcoran-18thFL-Scaled_0006.jpg]
[assets.website-files.com/5d19630a2daf2f6e1236bfd5/5d84d89ba21fc812433752bb_map-v2.png]
[assets.website-files.com/5d19630a2daf2f6e1236bfd5/5d5e9cc0e396d146f968ef80_DanielWellington_pho_007.jpg]
[assets.website-files.com/5d19630a2daf2f6e1236bfd5/5d7b03941e2e7d59c24380a0_w-line.png]
[assets.website-files.com/5d19630a2daf2f6e1236bfd5/5d19630a2daf2f6d5536c087_menu-btn.png]
[assets.website-files.com/5d19630a2daf2f6e1236bfd5/css/cjs-builders.ec65c3877.css]
[assets.website-files.com/5d19630a2daf2f6e1236bfd5/5d5b09620260de5a2a61e066_USGBC-b.png]
[assets.website-files.com/5d19630a2daf2f3ff836bffe/5d7af996a99e66de24d9c2eb_john-varvatos.png]
[assets.website-files.com/5d19630a2daf2f3ff836bffe/5d7af661c75463951c71112e_journelle.png]
[www.cjsnyc.com/about.html]
[assets.website-files.com/5d19630a2daf2f3ff836bffe/5d7af69bbe90a96ae639cbb3_sva-nyc.png]
[assets.website-files.com/5d19630a2daf2f3ff836bffe/5d474733f0c5a79a105ac150_jimmy-choo.png]
[www.cjsnyc.com/service-category/pre-construction.html]
[assets.website-files.com/5d19630a2daf2f3ff836bffe/5d474ceb2371d9544292ecd8_kith.png]
[assets.website-files.com/5d19630a2daf2f3ff836bffe/5d3d10e9b1eba426491b246e_balmain.png]
[www.cjsnyc.com/service-category/general-contracting.html]
[assets.website-files.com/5d19630a2daf2f3ff836bffe/5d476db5a904cd428503a93c_dorchester-stock.png]
[assets.website-files.com/5d19630a2daf2f3ff836bffe/5d474ddcf0c5a746175ad922_monica-vinader.png]
[www.cjsnyc.com/service-category/new-developments.html]
[www.cjsnyc.com/projects/avenue-capital-group.html]
[assets.website-files.com/5d19630a2daf2f3ff836bffe/5d7af9a41d620ef96414ec70_avenue-capital.png]
[www.cjsnyc.com/projects/balmain.html]
[www.cjsnyc.com/projects/bustle.html]
[assets.website-files.com/5d19630a2daf2f3ff836bffe/5d4744f1cc4d3af93eb6aae7_bustle.png]
[www.cjsnyc.com/projects/buzzfeed.html]
[www.cjsnyc.com/projects/corcoran-group.html]
[assets.website-files.com/5d19630a2daf2f3ff836bffe/5d4756aebaced701edd367d8_crocs.png]
[www.cjsnyc.com/projects/daniel-wellington.html]
[assets.website-files.com/5d19630a2daf2f3ff836bffe/5d475c9dbaced7ab6bd37942_daniel-wellington.png]
[www.cjsnyc.com/projects/dorchester-towers.html]
[www.cjsnyc.com/projects/florim.html]
[assets.website-files.com/5d19630a2daf2f3ff836bffe/5d475f97f0c5a79c4b5b2135_florim.png]
[www.cjsnyc.com/projects/jimmy-choo.html]
[www.cjsnyc.com/projects/kith.html]
[www.cjsnyc.com/projects/michael-kors-madison-avenue.html]
[www.cjsnyc.com/projects/michael-kors-soho-flagship.html]
[www.cjsnyc.com/projectsa7c7.html]
[www.cjsnyc.com/projects.html]
[www.cjsnyc.com/news/modular-buildiing.html]
[www.cjsnyc.com/news.html]
[assets.website-files.com/5d19630a2daf2f6e1236bfd5/5d6fbef22fd62fb375258d6a_pin drop.png]
[www.cjsnyc.com/contact.html]
[assets.website-files.com/5d19630a2daf2f3ff836bffe/5d47663fa904cdbc01038920_SFX_0008.jpg]
[assets.website-files.com/5d19630a2daf2f3ff836bffe/5d4766432371d94b07933c1e_SFX_0016.jpg]
[www.cjsnyc.com/projects/sonos.html]
[assets.website-files.com/5d19630a2daf2f3ff836bffe/5d94f930814892265cfe7dc7_CJS-Corcoran-18thFL-Scaled_0001.jpg]
[assets.website-files.com/5d19630a2daf2f3ff836bffe/5d94f85db1ee2b6de323f2c6_CJS-Corcoran-18thFL-Scaled_0006.jpg]
[assets.website-files.com/5d19630a2daf2f3ff836bffe/5d94f92b14093167e3df4f88_CJS-Corcoran-18thFL-Scaled_0012.jpg]
[assets.website-files.com/5d19630a2daf2f3ff836bffe/5d9f2bd282abddb544384fdb_CJS-Corcoran-18thFL-Scaled_0011.jpg]
[www.cjsnyc.com/projects/sfx.html]
[assets.website-files.com/5d19630a2daf2f3ff836bffe/5e0fa289d7e90fcc41fb975e_CJS_AveCapital11W_0056_x1800.jpg]
[assets.website-files.com/5d19630a2daf2f3ff836bffe/5e0fa2945df87dd2e5a6962f_CJS_AveCapital11W_0003_x1800.html]
[www.cjsnyc.com/projects/avenue-capital-group.html]
[www.cjsnyc.com/projects/balmain.html]
[www.cjsnyc.com/projects/bustle.html]
[www.cjsnyc.com/projects/buzzfeed.html]
[www.cjsnyc.com/projects/corcoran-group.html]
[www.cjsnyc.com/projects/daniel-wellington.html]
[www.cjsnyc.com/projects/dorchester-towers.html]
[www.cjsnyc.com/projects/florim.html]
[www.cjsnyc.com/projects/jimmy-choo.html]
[www.cjsnyc.com/projects/kith.html]
[www.cjsnyc.com/projects/michael-kors-madison-avenue.html]
[www.cjsnyc.com/projects/michael-kors-soho-flagship.html]
[www.cjsnyc.com/projectsa7c7.html]
[www.cjsnyc.com/news/modular-buildiing.html]
[www.cjsnyc.com/projects/sonos.html]
[www.cjsnyc.com/service-category/construction-management.html]
[www.cjsnyc.com/service-category/design-build]
[www.cjsnyc.com/_https_/assets.website-files.com/5d19630a2daf2f3ff836bffe/5e0fa289d7e90fcc41fb975e_CJS_AveCapital11W_0056_x1800.jpg_]
[www.cjsnyc.com/_https_/assets.website-files.com/5d19630a2daf2f3ff836bffe/5d31080b6c75283fdd142b06_CJS_Balmain_80_X1200 (1]
[www.cjsnyc.com/_https_/assets.website-files.com/5d19630a2daf2f3ff836bffe/5d4744343a861d01fd8ab8b5_bustle-offices-1-700x467.jpg_]
[www.cjsnyc.com/_https_/assets.website-files.com/5d19630a2daf2f3ff836bffe/5d47547fbaced77095d36314_CJS-Buzzfeed-001.jpg_]
[www.cjsnyc.com/_https_/assets.website-files.com/5d19630a2daf2f3ff836bffe/5d94f85db1ee2b6de323f2c6_CJS-Corcoran-18thFL-Scaled_0006.jpg_]
[www.cjsnyc.com/projects/crocs]
[www.cjsnyc.com/_https_/assets.website-files.com/5d19630a2daf2f3ff836bffe/5d4756ce3a861d2add8afb8b_P4033304.jpg_]
[www.cjsnyc.com/_https_/assets.website-files.com/5d19630a2daf2f3ff836bffe/5d475ca7f0c5a71a1b5b1051_DanielWellington-main.jpg_]
[www.cjsnyc.com/_https_/assets.website-files.com/5d19630a2daf2f3ff836bffe/5d47595a2371d99918931640_Dorchester-011 (2]
[www.cjsnyc.com/_https_/assets.website-files.com/5d19630a2daf2f3ff836bffe/5d475fa1cc4d3a44c2b729c3_CJS-Florim-068.jpg_]
[www.cjsnyc.com/_https_/assets.website-files.com/5d19630a2daf2f3ff836bffe/5d47474dbaced71565d319d3_CJS_JimmyChoo_HK_35.jpg_]
[www.cjsnyc.com/_https_/assets.website-files.com/5d19630a2daf2f3ff836bffe/5d474cf3a904cda8fb033d09_EDITED+SNARKITECTURE+KITH+NEW+YORK+NOAH+KALINA++11.html]
[www.cjsnyc.com/projects/michael-kors-hq]
[www.cjsnyc.com/_https_/assets.website-files.com/5d19630a2daf2f3ff836bffe/5d476306baced7953ed38c44_MK_HQ_7.jpg_]
[www.cjsnyc.com/_https_/assets.website-files.com/5d19630a2daf2f3ff836bffe/5d476131cc4d3a5101b7308b_main.jpg_]
[www.cjsnyc.com/_https_/assets.website-files.com/5d19630a2daf2f3ff836bffe/5da484c969e3ed7da44553d6_MK_Soho_1.jpg_]
[www.cjsnyc.com/projects/milliman]
[www.cjsnyc.com/_https_/assets.website-files.com/5d19630a2daf2f3ff836bffe/5d94fdff1409315951e17b28_CJS-Milliman-19thFL_Scaled_0029.html]
[www.cjsnyc.com/_https_/assets.website-files.com/5d19630a2daf2f6e1236bfd5/5d98ffa6a491ddd9de2c5543_1007268226-sdavi-poster-00001.jpg_]
[www.cjsnyc.com/_https_/assets.website-files.com/5d19630a2daf2f3ff836bffe/5da73d08ccaecd72ef23862c_Modular Build Blog.jpg_]
[www.cjsnyc.com/_https_/assets.website-files.com/5d19630a2daf2f6e1236bfd5/5d94d04c509c8e459fa99315_20991382-sdavi-poster-00001.jpg_]
[www.cjsnyc.com/projects/_https_/assets.website-files.com/5d19630a2daf2f3ff836bffe/5d4766093a861d42e68b2217_SFX_0012.html]
[www.cjsnyc.com/projects/_https_/assets.website-files.com/5d19630a2daf2f3ff836bffe/5d4766203a861d47ad8b2224_SFX_0013.jpg_]
[www.cjsnyc.com/projects/_https_/assets.website-files.com/5d19630a2daf2f3ff836bffe/5d476626baced72efed3917d_SFX_0004.jpg_]
[www.cjsnyc.com/projects/_https_/assets.website-files.com/5d19630a2daf2f3ff836bffe/5d47662ea904cdb78e038902_SFX_0014.jpg_]
[www.cjsnyc.com/projects/_https_/assets.website-files.com/5d19630a2daf2f3ff836bffe/5d476632f0c5a70a935b358c_SFX0005.jpg_]
[www.cjsnyc.com/projects/_https_/assets.website-files.com/5d19630a2daf2f3ff836bffe/5d476639a904cd6ae3038913_SFX_0006.jpg_]
[www.cjsnyc.com/projects/_https_/assets.website-files.com/5d19630a2daf2f3ff836bffe/5d47663fa904cdbc01038920_SFX_0008.jpg_]
[www.cjsnyc.com/projects/_https_/assets.website-files.com/5d19630a2daf2f3ff836bffe/5d4766432371d94b07933c1e_SFX_0016.html]
[www.cjsnyc.com/news/panerai-opens-new-store-at-hudson-yards.html]
[www.cjsnyc.com/_https_/assets.website-files.com/5d19630a2daf2f3ff836bffe/5e81d1fec8a4a6e69a7a3266_Panerai-Logo-500x281.png_]
[www.cjsnyc.com/news/cjs-builders-website-launch]
[www.cjsnyc.com/_https_/assets.website-files.com/5d19630a2daf2f3ff836bffe/5dc2c6459d3158db071e7ff9_launch-post (1]
[www.cjsnyc.com/news/social-media-in-the-construction-industry]
[www.cjsnyc.com/_https_/assets.website-files.com/5d19630a2daf2f3ff836bffe/5dc2c2079c7d093e00d32d3a_174834-social-media-logos.png_]
[www.cjsnyc.com/privacy-policy]
[www.cjsnyc.com/services]
[www.cjsnyc.com/service-category/_https_/assets.website-files.com/5d19630a2daf2f3ff836bffe/5d6fb66459e551c62a048d61_pre-construction.jpg_]
[www.cjsnyc.com/service-category/_https_/assets.website-files.com/5d19630a2daf2f3ff836bffe/5d977c16813039351aa0a511_CJS-Corcoran-18thFL-Scaled_0006.jpg_]
[www.cjsnyc.com/service-category/_https_/assets.website-files.com/5d19630a2daf2f3ff836bffe/5d977c1f102f583ec2c35844_CJS-Milliman-19thFL_Scaled_0025.jpg_]
[www.cjsnyc.com/service-category/_https_/assets.website-files.com/5d19630a2daf2f3ff836bffe/5d6fb64bee72d9d55fb2d6ab_general-contracting.jpg_]
[www.cjsnyc.com/service-category/_https_/assets.website-files.com/5d19630a2daf2f3ff836bffe/5d474d1d2371d9c4bf92ecf6_inside-kith-lafayette-store-16.html]
[www.cjsnyc.com/service-category/_https_/assets.website-files.com/5d19630a2daf2f3ff836bffe/5d977ccf31c2352961574622_CJS-Milliman-19thFL_Scaled_0035.jpg_]
[www.cjsnyc.com/service-category/_https_/assets.website-files.com/5d19630a2daf2f3ff836bffe/5d6fb625ee72d93b1ab2d5ff_new-development.jpg_]
[www.cjsnyc.com/service-category/_https_/assets.website-files.com/5d19630a2daf2f3ff836bffe/5d31080b6c75283fdd142b06_CJS_Balmain_80_X1200 (1]
[www.cjsnyc.com/service-category/_https_/assets.website-files.com/5d19630a2daf2f3ff836bffe/5d4f1f9c8ab9f56e4d094b75_CJS_JimmyChoo_HK_35-X1200.jpg_]
[www.cjsnyc.com/projects/_https_/assets.website-files.com/5d19630a2daf2f3ff836bffe/5e0fa289d7e90fcc41fb975e_CJS_AveCapital11W_0056_x1800.jpg_]
[www.cjsnyc.com/projects/_https_/assets.website-files.com/5d19630a2daf2f3ff836bffe/5e0fa2945df87dd2e5a6962f_CJS_AveCapital11W_0003_x1800.jpg_]
